[0.411s][info][gc] GC(0) Pause Young (Concurrent Start) (Metadata GC Threshold) 280M->67M(2048M) 18.311ms
[0.412s][info][gc] GC(1) Concurrent Mark Cycle
[0.418s][info][gc] GC(1) Pause Remark 95M->95M(2048M) 0.853ms
[0.418s][info][gc] GC(1) Pause Cleanup 95M->95M(2048M) 0.005ms
[0.426s][info][gc] GC(1) Concurrent Mark Cycle 14.567ms
[0.797s][info][gc] GC(2) Pause Young (Concurrent Start) (Metadata GC Threshold) 163M->82M(2048M) 20.490ms
[0.798s][info][gc] GC(3) Concurrent Mark Cycle
[0.810s][info][gc] GC(3) Pause Remark 98M->98M(2048M) 2.901ms
[0.810s][info][gc] GC(3) Pause Cleanup 98M->98M(2048M) 0.023ms
[0.812s][info][gc] GC(3) Concurrent Mark Cycle 14.697ms
[1.085s][info][gc] GC(4) Pause Young (Concurrent Start) (Metadata GC Threshold) 238M->94M(2048M) 19.505ms
[1.085s][info][gc] GC(5) Concurrent Mark Cycle
[1.093s][info][gc] GC(5) Pause Remark 143M->143M(2048M) 1.508ms
[1.093s][info][gc] GC(5) Pause Cleanup 143M->143M(2048M) 0.008ms
[1.095s][info][gc] GC(5) Concurrent Mark Cycle 10.050ms
[1.934s][info][gc] GC(6) Pause Young (Concurrent Start) (Metadata GC Threshold) 394M->146M(2048M) 53.247ms
[1.934s][info][gc] GC(7) Concurrent Mark Cycle
[1.948s][info][gc] GC(7) Pause Remark 181M->181M(2048M) 2.493ms
[1.948s][info][gc] GC(7) Pause Cleanup 181M->181M(2048M) 0.010ms
[1.951s][info][gc] GC(7) Concurrent Mark Cycle 16.709ms
[4.789s][info][gc] GC(8) Pause Young (Concurrent Start) (Metadata GC Threshold) 521M->199M(2048M) 54.176ms
[4.789s][info][gc] GC(9) Concurrent Mark Cycle
[4.803s][info][gc] GC(9) Pause Remark 224M->224M(2048M) 3.328ms
[4.803s][info][gc] GC(9) Pause Cleanup 224M->224M(2048M) 0.005ms
[4.805s][info][gc] GC(9) Concurrent Mark Cycle 16.107ms
[14.169s][info][gc] GC(10) Pause Young (Concurrent Start) (CodeCache GC Threshold) 1600M->216M(2048M) 88.003ms
[14.169s][info][gc] GC(11) Concurrent Mark Cycle
[14.204s][info][gc] GC(11) Pause Remark 266M->266M(2048M) 17.182ms
[14.204s][info][gc] GC(11) Pause Cleanup 266M->266M(2048M) 0.015ms
[14.208s][info][gc] GC(11) Concurrent Mark Cycle 39.167ms
[19.861s][info][gc] GC(12) Pause Young (Normal) (G1 Evacuation Pause) 1768M->370M(2096M) 86.715ms
[23.974s][info][gc] GC(13) Pause Young (Normal) (G1 Evacuation Pause) 1666M->271M(2096M) 63.767ms
[30.940s][info][gc] GC(14) Pause Young (Concurrent Start) (CodeCache GC Threshold) 1755M->364M(2096M) 85.552ms
[30.940s][info][gc] GC(15) Concurrent Mark Cycle
[30.977s][info][gc] GC(15) Pause Remark 398M->398M(2048M) 10.573ms
[30.982s][info][gc] GC(15) Pause Cleanup 402M->402M(2048M) 0.011ms
[30.985s][info][gc] GC(15) Concurrent Mark Cycle 45.468ms
[32.771s][info][gc] GC(16) Pause Young (Normal) (G1 Evacuation Pause) 1676M->316M(2048M) 68.899ms
[60.747s][info][gc] GC(17) Pause Young (Normal) (G1 Evacuation Pause) 1732M->363M(2048M) 71.942ms
[67.402s][info][gc] GC(18) Pause Young (Concurrent Start) (CodeCache GC Threshold) 429M->367M(2048M) 78.910ms
[67.403s][info][gc] GC(19) Concurrent Mark Cycle
[67.442s][info][gc] GC(19) Pause Remark 372M->356M(2048M) 13.529ms
[67.446s][info][gc] GC(19) Pause Cleanup 356M->356M(2048M) 0.013ms
[67.449s][info][gc] GC(19) Concurrent Mark Cycle 46.002ms
[80.637s][info][gc] GC(20) Pause Young (Normal) (G1 Evacuation Pause) 1631M->338M(2048M) 70.232ms
[89.062s][info][gc] GC(21) Pause Young (Concurrent Start) (CodeCache GC Threshold) 1624M->361M(2048M) 78.360ms
[89.062s][info][gc] GC(22) Concurrent Mark Cycle
[89.092s][info][gc] GC(22) Pause Remark 366M->358M(2048M) 11.562ms
[89.092s][info][gc] GC(22) Pause Cleanup 358M->358M(2048M) 0.007ms
[89.095s][info][gc] GC(22) Concurrent Mark Cycle 32.655ms
[108.114s][info][gc] GC(23) Pause Young (Normal) (G1 Evacuation Pause) 1641M->366M(2048M) 80.866ms
[121.153s][info][gc] GC(24) Pause Young (Normal) (GCLocker Initiated GC) 1638M->364M(2048M) 83.903ms
[139.772s][info][gc] GC(25) Pause Young (Normal) (G1 Evacuation Pause) 1676M->364M(2048M) 60.577ms
[175.481s][info][gc] GC(26) Pause Young (Concurrent Start) (CodeCache GC Threshold) 769M->361M(2048M) 51.087ms
[175.481s][info][gc] GC(27) Concurrent Mark Cycle
[175.531s][info][gc] GC(27) Pause Remark 366M->358M(2048M) 26.780ms
[175.535s][info][gc] GC(27) Pause Cleanup 360M->360M(2048M) 0.047ms
[175.537s][info][gc] GC(27) Concurrent Mark Cycle 56.194ms
[227.328s][info][gc] GC(28) Pause Young (Normal) (G1 Evacuation Pause) 1681M->362M(2048M) 53.035ms
[246.116s][info][gc] GC(29) Pause Young (Normal) (GCLocker Initiated GC) 1699M->367M(2048M) 41.604ms
[249.704s][info][gc] GC(30) Pause Young (Concurrent Start) (CodeCache GC Threshold) 511M->361M(2048M) 32.765ms
[249.704s][info][gc] GC(31) Concurrent Mark Cycle
[249.769s][info][gc] GC(31) Pause Remark 365M->365M(2048M) 28.660ms
[249.777s][info][gc] GC(31) Pause Cleanup 366M->366M(2048M) 0.055ms
[249.779s][info][gc] GC(31) Concurrent Mark Cycle 75.406ms
[276.339s][info][gc] GC(32) Pause Young (Prepare Mixed) (G1 Evacuation Pause) 1761M->376M(2048M) 29.218ms
[311.446s][info][gc] GC(33) Pause Young (Mixed) (G1 Evacuation Pause) 1752M->372M(2048M) 31.274ms
[324.762s][info][gc] GC(34) Pause Young (Concurrent Start) (CodeCache GC Threshold) 1338M->369M(2048M) 26.364ms
[324.762s][info][gc] GC(35) Concurrent Mark Cycle
[324.834s][info][gc] GC(35) Pause Remark 384M->384M(2048M) 30.470ms
[324.846s][info][gc] GC(35) Pause Cleanup 385M->385M(2048M) 0.069ms
[324.848s][info][gc] GC(35) Concurrent Mark Cycle 86.467ms
[373.370s][info][gc] GC(36) Pause Young (Prepare Mixed) (G1 Evacuation Pause) 1793M->389M(2048M) 27.471ms
[379.142s][info][gc] GC(37) Pause Young (Concurrent Start) (CodeCache GC Threshold) 965M->380M(2048M) 19.466ms
[379.142s][info][gc] GC(38) Concurrent Mark Cycle
[379.225s][info][gc] GC(38) Pause Remark 406M->406M(2048M) 28.942ms
[379.242s][info][gc] GC(38) Pause Cleanup 409M->409M(2048M) 0.079ms
[379.245s][info][gc] GC(38) Concurrent Mark Cycle 102.842ms
[412.057s][info][gc] GC(39) Pause Young (Prepare Mixed) (G1 Evacuation Pause) 1836M->392M(2048M) 20.532ms
[424.472s][info][gc] GC(40) Pause Young (Concurrent Start) (CodeCache GC Threshold) 1582M->421M(2048M) 25.440ms
[424.472s][info][gc] GC(41) Concurrent Mark Cycle
[424.559s][info][gc] GC(41) Pause Remark 437M->421M(2048M) 31.377ms
[424.577s][info][gc] GC(41) Pause Cleanup 424M->424M(2048M) 0.095ms
[424.580s][info][gc] GC(41) Concurrent Mark Cycle 107.543ms
[445.276s][info][gc] GC(42) Pause Young (Prepare Mixed) (G1 Evacuation Pause) 1797M->388M(2048M) 18.167ms
[468.150s][info][gc] GC(43) Pause Young (Mixed) (G1 Evacuation Pause) 1844M->385M(2048M) 18.960ms
[480.691s][info][gc] GC(44) Pause Young (Normal) (G1 Evacuation Pause) 1913M->401M(2048M) 17.566ms
[497.302s][info][gc] GC(45) Pause Young (Concurrent Start) (CodeCache GC Threshold) 1364M->410M(2048M) 19.870ms
[497.302s][info][gc] GC(46) Concurrent Mark Cycle
[497.430s][info][gc] GC(46) Pause Remark 417M->417M(2048M) 32.898ms
[497.447s][info][gc] GC(46) Pause Cleanup 417M->417M(2048M) 0.093ms
[497.449s][info][gc] GC(46) Concurrent Mark Cycle 146.588ms
[578.261s][info][gc] GC(47) Pause Young (Prepare Mixed) (G1 Evacuation Pause) 1930M->421M(2048M) 20.622ms
[593.873s][info][gc] GC(48) Pause Young (Mixed) (G1 Evacuation Pause) 1845M->467M(2048M) 26.812ms
[698.589s][info][gc] GC(49) Pause Young (Mixed) (G1 Evacuation Pause) 1835M->488M(2048M) 28.642ms
[739.451s][info][gc] GC(50) Pause Young (Concurrent Start) (CodeCache GC Threshold) 1309M->488M(2048M) 27.437ms
[739.451s][info][gc] GC(51) Concurrent Mark Cycle
[739.545s][info][gc] GC(51) Pause Remark 502M->478M(2048M) 34.495ms
[739.569s][info][gc] GC(51) Pause Cleanup 479M->479M(2048M) 0.113ms
[739.572s][info][gc] GC(51) Concurrent Mark Cycle 121.494ms
[776.207s][info][gc] GC(52) Pause Young (Prepare Mixed) (G1 Evacuation Pause) 1752M->448M(2048M) 20.976ms
[0.726s][info][gc] GC(0) Pause Young (Concurrent Start) (Metadata GC Threshold) 292M->72M(2048M) 92.230ms
[0.726s][info][gc] GC(1) Concurrent Mark Cycle
[0.734s][info][gc] GC(1) Pause Remark 98M->98M(2048M) 1.267ms
[0.734s][info][gc] GC(1) Pause Cleanup 98M->98M(2048M) 0.008ms
[0.741s][info][gc] GC(1) Concurrent Mark Cycle 14.457ms
[813.232s][info][gc] GC(53) Pause Young (Mixed) (G1 Evacuation Pause) 1792M->429M(2048M) 20.716ms
[858.840s][info][gc] GC(54) Pause Young (Concurrent Start) (G1 Evacuation Pause) 1813M->420M(2048M) 17.970ms
[858.840s][info][gc] GC(55) Concurrent Mark Cycle
[858.982s][info][gc] GC(55) Pause Remark 452M->452M(2048M) 38.736ms
[859.008s][info][gc] GC(55) Pause Cleanup 460M->460M(2048M) 0.080ms
[859.010s][info][gc] GC(55) Concurrent Mark Cycle 169.484ms
[879.425s][info][gc] GC(56) Pause Young (Prepare Mixed) (G1 Evacuation Pause) 1852M->424M(2048M) 16.668ms
[894.920s][info][gc] GC(57) Pause Young (Mixed) (G1 Evacuation Pause) 1832M->427M(2048M) 18.943ms
[908.418s][info][gc] GC(58) Pause Young (Concurrent Start) (G1 Evacuation Pause) 1819M->434M(2048M) 18.808ms
[908.419s][info][gc] GC(59) Concurrent Mark Cycle
[908.550s][info][gc] GC(59) Pause Remark 468M->468M(2048M) 31.262ms
[908.574s][info][gc] GC(59) Pause Cleanup 473M->473M(2048M) 0.089ms
[908.576s][info][gc] GC(59) Concurrent Mark Cycle 157.281ms
[931.329s][info][gc] GC(60) Pause Young (Prepare Mixed) (G1 Evacuation Pause) 1826M->436M(2048M) 16.622ms
[994.555s][info][gc] GC(61) Pause Young (Mixed) (G1 Evacuation Pause) 1844M->442M(2048M) 22.478ms
[1064.642s][info][gc] GC(62) Pause Young (Mixed) (G1 Evacuation Pause) 1834M->441M(2048M) 19.036ms
[1087.850s][info][gc] GC(63) Pause Young (Concurrent Start) (GCLocker Initiated GC) 1834M->444M(2048M) 18.110ms
[1087.850s][info][gc] GC(64) Concurrent Mark Cycle
[1087.947s][info][gc] GC(64) Pause Remark 477M->477M(2048M) 28.648ms
[1087.972s][info][gc] GC(64) Pause Cleanup 478M->478M(2048M) 0.083ms
[1087.975s][info][gc] GC(64) Concurrent Mark Cycle 124.646ms
[1102.144s][info][gc] GC(65) Pause Young (Prepare Mixed) (G1 Evacuation Pause) 1844M->451M(2048M) 16.856ms
[1128.893s][info][gc] GC(66) Pause Young (Mixed) (G1 Evacuation Pause) 1827M->451M(2048M) 18.690ms
[1173.472s][info][gc] GC(67) Pause Young (Concurrent Start) (G1 Evacuation Pause) 1843M->458M(2048M) 18.522ms
[1173.473s][info][gc] GC(68) Concurrent Mark Cycle
[1173.631s][info][gc] GC(68) Pause Remark 492M->492M(2048M) 42.499ms
[1173.659s][info][gc] GC(68) Pause Cleanup 502M->502M(2048M) 0.102ms
[1173.661s][info][gc] GC(68) Concurrent Mark Cycle 188.658ms
[1196.811s][info][gc] GC(69) Pause Young (Prepare Mixed) (G1 Evacuation Pause) 1858M->455M(2048M) 14.265ms
[1222.332s][info][gc] GC(70) Pause Young (Mixed) (G1 Evacuation Pause) 1871M->470M(2048M) 17.997ms
[1222.408s][info][gc] GC(71) Pause Young (Concurrent Start) (G1 Humongous Allocation) 535M->467M(2048M) 13.073ms
[1222.408s][info][gc] GC(72) Concurrent Mark Cycle
[1222.530s][info][gc] GC(72) Pause Remark 550M->550M(2048M) 32.388ms
[1222.574s][info][gc] GC(72) Pause Cleanup 618M->618M(2048M) 0.109ms
[1222.578s][info][gc] GC(72) Concurrent Mark Cycle 170.385ms
[1226.725s][info][gc] GC(73) Pause Young (Prepare Mixed) (G1 Evacuation Pause) 1899M->512M(2048M) 20.102ms
[1248.353s][info][gc] GC(74) Pause Young (Mixed) (G1 Evacuation Pause) 1912M->542M(2048M) 30.898ms
[1267.295s][info][gc] GC(75) Pause Young (Mixed) (GCLocker Initiated GC) 1830M->586M(2048M) 30.877ms
[1282.965s][info][gc] GC(76) Pause Young (Concurrent Start) (G1 Evacuation Pause) 1770M->578M(2048M) 30.575ms
[1282.965s][info][gc] GC(77) Concurrent Mark Cycle
[1283.074s][info][gc] GC(77) Pause Remark 599M->567M(2048M) 28.640ms
[1283.106s][info][gc] GC(77) Pause Cleanup 568M->568M(2048M) 0.116ms
[1283.108s][info][gc] GC(77) Concurrent Mark Cycle 143.186ms
[1295.953s][info][gc] GC(78) Pause Young (Prepare Mixed) (G1 Evacuation Pause) 1754M->518M(2048M) 19.636ms
[1312.482s][info][gc] GC(79) Pause Young (Mixed) (G1 Evacuation Pause) 1838M->518M(2048M) 19.604ms
[1323.938s][info][gc] GC(80) Pause Young (Mixed) (G1 Evacuation Pause) 1854M->548M(2048M) 26.303ms
[1333.127s][info][gc] GC(81) Pause Young (Concurrent Start) (G1 Humongous Allocation) 1479M->556M(2048M) 22.388ms
[1333.127s][info][gc] GC(82) Concurrent Mark Cycle
[1333.247s][info][gc] GC(82) Pause Remark 579M->563M(2048M) 30.216ms
[1333.281s][info][gc] GC(82) Pause Cleanup 563M->563M(2048M) 0.138ms
[1333.284s][info][gc] GC(82) Concurrent Mark Cycle 157.020ms
[1348.344s][info][gc] GC(83) Pause Young (Prepare Mixed) (G1 Evacuation Pause) 1804M->519M(2048M) 19.249ms
[1362.153s][info][gc] GC(84) Pause Young (Mixed) (G1 Evacuation Pause) 1855M->544M(2048M) 22.601ms
[1384.250s][info][gc] GC(85) Pause Young (Mixed) (G1 Evacuation Pause) 1824M->538M(2048M) 20.319ms
[1401.643s][info][gc] GC(86) Pause Young (Concurrent Start) (G1 Evacuation Pause) 1834M->550M(2048M) 21.333ms
[1401.643s][info][gc] GC(87) Concurrent Mark Cycle
[1401.762s][info][gc] GC(87) Pause Remark 572M->556M(2048M) 26.574ms
[1401.811s][info][gc] GC(87) Pause Cleanup 564M->564M(2048M) 0.102ms
[1401.814s][info][gc] GC(87) Concurrent Mark Cycle 171.230ms
[1424.041s][info][gc] GC(88) Pause Young (Prepare Mixed) (GCLocker Initiated GC) 1814M->521M(2048M) 14.367ms
[1460.393s][info][gc] GC(89) Pause Young (Mixed) (G1 Evacuation Pause) 1833M->509M(2048M) 17.048ms
[1484.450s][info][gc] GC(90) Pause Young (Mixed) (G1 Evacuation Pause) 1853M->511M(2048M) 16.566ms
[1505.560s][info][gc] GC(91) Pause Young (Concurrent Start) (G1 Evacuation Pause) 1839M->521M(2048M) 19.330ms
[1505.560s][info][gc] GC(92) Concurrent Mark Cycle
[1505.688s][info][gc] GC(92) Pause Remark 533M->533M(2048M) 31.935ms
[1505.730s][info][gc] GC(92) Pause Cleanup 534M->534M(2048M) 0.103ms
[1505.733s][info][gc] GC(92) Concurrent Mark Cycle 172.853ms
[1521.219s][info][gc] GC(93) Pause Young (Prepare Mixed) (G1 Evacuation Pause) 1857M->558M(2048M) 20.624ms
[1567.895s][info][gc] GC(94) Pause Young (Mixed) (G1 Evacuation Pause) 1813M->530M(2048M) 20.292ms
[1612.434s][info][gc] GC(95) Pause Young (Mixed) (G1 Evacuation Pause) 1850M->523M(2048M) 19.651ms
[1625.787s][info][gc] GC(96) Pause Young (Concurrent Start) (CodeCache GC Threshold) 1418M->527M(2048M) 20.414ms
[1625.787s][info][gc] GC(97) Concurrent Mark Cycle
[1626.057s][info][gc] GC(97) Pause Remark 533M->533M(2048M) 45.806ms
[1626.130s][info][gc] GC(97) Pause Cleanup 533M->533M(2048M) 0.288ms
[1626.137s][info][gc] GC(97) Concurrent Mark Cycle 350.327ms
[1659.781s][info][gc] GC(98) Pause Young (Prepare Mixed) (G1 Evacuation Pause) 1863M->537M(2048M) 18.375ms
[1668.807s][info][gc] GC(99) Pause Young (Mixed) (G1 Evacuation Pause) 1865M->669M(2096M) 44.748ms
[1681.229s][info][gc] GC(100) Pause Young (Mixed) (G1 Evacuation Pause) 1781M->626M(2096M) 31.574ms
[1715.138s][info][gc] GC(101) Pause Young (Concurrent Start) (GCLocker Initiated GC) 1818M->611M(2096M) 24.872ms
[1715.138s][info][gc] GC(102) Concurrent Mark Cycle
[1715.265s][info][gc] GC(102) Pause Remark 631M->615M(2048M) 30.959ms
[1715.312s][info][gc] GC(102) Pause Cleanup 621M->621M(2048M) 0.104ms
[1715.313s][info][gc] GC(102) Concurrent Mark Cycle 175.252ms
[1734.576s][info][gc] GC(103) Pause Young (Prepare Mixed) (G1 Evacuation Pause) 1819M->579M(2048M) 18.979ms
[1837.201s][info][gc] GC(104) Pause Young (Mixed) (G1 Evacuation Pause) 1827M->568M(2048M) 18.882ms
[1866.911s][info][gc] GC(105) Pause Young (Mixed) (G1 Evacuation Pause) 1848M->574M(2048M) 21.276ms
[1867.998s][info][gc] GC(106) Pause Young (Concurrent Start) (G1 Humongous Allocation) 870M->571M(2048M) 18.259ms
[1867.998s][info][gc] GC(107) Concurrent Mark Cycle
[1868.135s][info][gc] GC(107) Pause Remark 602M->594M(2048M) 30.114ms
[1868.173s][info][gc] GC(107) Pause Cleanup 594M->594M(2048M) 0.093ms
[1868.175s][info][gc] GC(107) Concurrent Mark Cycle 177.465ms
[1886.900s][info][gc] GC(108) Pause Young (Prepare Mixed) (G1 Evacuation Pause) 1851M->595M(2048M) 19.162ms
[1930.411s][info][gc] GC(109) Pause Young (Mixed) (G1 Evacuation Pause) 1819M->603M(2048M) 22.039ms
[1979.175s][info][gc] GC(110) Pause Young (Mixed) (G1 Evacuation Pause) 1811M->584M(2048M) 20.123ms
[2017.152s][info][gc] GC(111) Pause Young (Concurrent Start) (G1 Evacuation Pause) 1824M->585M(2048M) 19.682ms
[2017.152s][info][gc] GC(112) Concurrent Mark Cycle
[2017.273s][info][gc] GC(112) Pause Remark 612M->604M(2048M) 26.699ms
[2017.304s][info][gc] GC(112) Pause Cleanup 610M->610M(2048M) 0.159ms
[2017.306s][info][gc] GC(112) Concurrent Mark Cycle 154.176ms
[2051.146s][info][gc] GC(113) Pause Young (Prepare Mixed) (G1 Evacuation Pause) 1825M->585M(2048M) 15.497ms
[2075.279s][info][gc] GC(114) Pause Young (Mixed) (G1 Evacuation Pause) 1825M->570M(2048M) 14.166ms
[2107.057s][info][gc] GC(115) Pause Young (Mixed) (G1 Evacuation Pause) 1842M->583M(2048M) 17.826ms
[2116.364s][info][gc] GC(116) Pause Young (Concurrent Start) (G1 Humongous Allocation) 1153M->554M(2048M) 15.893ms
[2116.364s][info][gc] GC(117) Concurrent Mark Cycle
[2116.517s][info][gc] GC(117) Pause Remark 579M->579M(2048M) 33.661ms
[2116.566s][info][gc] GC(117) Pause Cleanup 584M->584M(2048M) 0.087ms
[2116.568s][info][gc] GC(117) Concurrent Mark Cycle 204.494ms
[2187.672s][info][gc] GC(118) Pause Young (Prepare Mixed) (G1 Evacuation Pause) 1922M->582M(2048M) 18.474ms
[2220.713s][info][gc] GC(119) Pause Young (Mixed) (G1 Evacuation Pause) 1894M->615M(2048M) 21.534ms
[2389.214s][info][gc] GC(120) Pause Young (Mixed) (G1 Evacuation Pause) 1863M->620M(2048M) 22.277ms
[2451.579s][info][gc] GC(121) Pause Young (Concurrent Start) (G1 Evacuation Pause) 1828M->624M(2048M) 26.481ms
[2451.580s][info][gc] GC(122) Concurrent Mark Cycle
[2451.871s][info][gc] GC(122) Pause Remark 691M->659M(2048M) 55.451ms
[2451.958s][info][gc] GC(122) Pause Cleanup 674M->674M(2048M) 0.456ms
[2451.966s][info][gc] GC(122) Concurrent Mark Cycle 386.383ms
[2485.149s][info][gc] GC(123) Pause Young (Prepare Mixed) (GCLocker Initiated GC) 1800M->572M(2048M) 12.037ms
[2515.975s][info][gc] GC(124) Pause Young (Mixed) (G1 Evacuation Pause) 1876M->594M(2048M) 17.573ms
[2537.960s][info][gc] GC(125) Pause Young (Mixed) (G1 Evacuation Pause) 1858M->602M(2048M) 20.161ms
[8949.161s][info][gc] GC(126) Pause Young (Mixed) (G1 Evacuation Pause) 1858M->606M(2048M) 23.257ms
[8950.084s][info][gc] GC(127) Pause Young (Concurrent Start) (G1 Humongous Allocation) 812M->611M(2048M) 21.183ms
[8950.084s][info][gc] GC(128) Concurrent Mark Cycle
[8950.260s][info][gc] GC(128) Pause Remark 635M->619M(2048M) 43.968ms
[8950.315s][info][gc] GC(128) Pause Cleanup 619M->619M(2048M) 0.170ms
[8950.317s][info][gc] GC(128) Concurrent Mark Cycle 233.859ms
[8993.654s][info][gc] GC(129) Pause Young (Prepare Mixed) (G1 Evacuation Pause) 1851M->616M(2048M) 19.897ms
[9003.217s][info][gc] GC(130) Pause Young (Mixed) (G1 Evacuation Pause) 1824M->607M(2048M) 17.981ms
[9081.265s][info][gc] GC(131) Pause Young (Mixed) (G1 Evacuation Pause) 1855M->607M(2048M) 22.737ms
[9098.580s][info][gc] GC(132) Pause Young (Mixed) (G1 Evacuation Pause) 1847M->602M(2048M) 21.545ms
[9099.704s][info][gc] GC(133) Pause Young (Concurrent Start) (G1 Humongous Allocation) 1048M->615M(2048M) 22.685ms
[9099.704s][info][gc] GC(134) Concurrent Mark Cycle
[9099.837s][info][gc] GC(134) Pause Remark 650M->618M(2048M) 30.936ms
[9099.881s][info][gc] GC(134) Pause Cleanup 618M->618M(2048M) 0.109ms
[9099.883s][info][gc] GC(134) Concurrent Mark Cycle 179.131ms
[9301.342s][info][gc] GC(135) Pause Young (Prepare Mixed) (G1 Evacuation Pause) 1839M->578M(2048M) 17.707ms
[9339.467s][info][gc] GC(136) Pause Young (Mixed) (G1 Evacuation Pause) 1858M->614M(2048M) 25.736ms
[9420.488s][info][gc] GC(137) Pause Young (Mixed) (G1 Evacuation Pause) 1838M->610M(2048M) 23.618ms
[9451.287s][info][gc] GC(138) Pause Young (Mixed) (G1 Evacuation Pause) 1858M->633M(2048M) 26.371ms
[9451.814s][info][gc] GC(139) Pause Young (Concurrent Start) (G1 Humongous Allocation) 771M->638M(2048M) 20.187ms
[9451.814s][info][gc] GC(140) Concurrent Mark Cycle
[9451.940s][info][gc] GC(140) Pause Remark 660M->620M(2048M) 30.073ms
[9451.984s][info][gc] GC(140) Pause Cleanup 620M->620M(2048M) 0.107ms
[9451.986s][info][gc] GC(140) Concurrent Mark Cycle 171.177ms
[9490.687s][info][gc] GC(141) Pause Young (Prepare Mixed) (G1 Evacuation Pause) 1790M->643M(2048M) 26.555ms
[9540.031s][info][gc] GC(142) Pause Young (Mixed) (G1 Evacuation Pause) 1803M->607M(2048M) 24.331ms
[0.584s][info][gc] GC(0) Pause Young (Concurrent Start) (Metadata GC Threshold) 296M->73M(2048M) 18.171ms
[0.584s][info][gc] GC(1) Concurrent Mark Cycle
[0.591s][info][gc] GC(1) Pause Remark 103M->103M(2048M) 1.007ms
[0.591s][info][gc] GC(1) Pause Cleanup 103M->103M(2048M) 0.010ms
[0.598s][info][gc] GC(1) Concurrent Mark Cycle 13.954ms
[9584.455s][info][gc] GC(143) Pause Young (Mixed) (G1 Evacuation Pause) 1839M->632M(2048M) 27.607ms
[9626.660s][info][gc] GC(144) Pause Young (Mixed) (GCLocker Initiated GC) 1808M->650M(2048M) 27.963ms
[9693.156s][info][gc] GC(145) Pause Young (Concurrent Start) (G1 Humongous Allocation) 877M->634M(2048M) 22.180ms
[9693.157s][info][gc] GC(146) Concurrent Mark Cycle
[9693.292s][info][gc] GC(146) Pause Remark 655M->631M(2048M) 35.085ms
[9693.334s][info][gc] GC(146) Pause Cleanup 631M->631M(2048M) 0.119ms
[9693.336s][info][gc] GC(146) Concurrent Mark Cycle 179.922ms
[9894.483s][info][gc] GC(147) Pause Young (Prepare Mixed) (G1 Evacuation Pause) 1802M->591M(2048M) 16.200ms
[9955.898s][info][gc] GC(148) Pause Young (Mixed) (G1 Evacuation Pause) 1823M->584M(2048M) 19.270ms
[9990.337s][info][gc] GC(149) Pause Young (Mixed) (G1 Evacuation Pause) 1832M->592M(2048M) 23.916ms
[9999.143s][info][gc] GC(150) Pause Young (Mixed) (G1 Evacuation Pause) 1816M->588M(2048M) 19.367ms
[10022.336s][info][gc] GC(151) Pause Young (Concurrent Start) (CodeCache GC Threshold) 1413M->587M(2048M) 16.780ms
[10022.337s][info][gc] GC(152) Concurrent Mark Cycle
[10022.465s][info][gc] GC(152) Pause Remark 606M->606M(2048M) 29.808ms
[10022.508s][info][gc] GC(152) Pause Cleanup 610M->610M(2048M) 0.126ms
[10022.510s][info][gc] GC(152) Concurrent Mark Cycle 173.375ms
[10049.076s][info][gc] GC(153) Pause Young (Prepare Mixed) (G1 Evacuation Pause) 1827M->591M(2048M) 17.863ms
[10092.996s][info][gc] GC(154) Pause Young (Mixed) (G1 Evacuation Pause) 1823M->610M(2048M) 24.340ms
[10171.132s][info][gc] GC(155) Pause Young (Mixed) (G1 Evacuation Pause) 1794M->572M(2048M) 20.695ms
[10201.728s][info][gc] GC(156) Pause Young (Mixed) (G1 Evacuation Pause) 1860M->596M(2048M) 24.084ms
[10203.925s][info][gc] GC(157) Pause Young (Concurrent Start) (G1 Humongous Allocation) 1454M->593M(2048M) 17.614ms
[10203.926s][info][gc] GC(158) Concurrent Mark Cycle
[10204.075s][info][gc] GC(158) Pause Remark 621M->613M(2048M) 36.870ms
[10204.120s][info][gc] GC(158) Pause Cleanup 622M->622M(2048M) 0.101ms
[10204.123s][info][gc] GC(158) Concurrent Mark Cycle 197.155ms
[10258.722s][info][gc] GC(159) Pause Young (Prepare Mixed) (G1 Evacuation Pause) 1841M->622M(2048M) 20.378ms
[10284.174s][info][gc] GC(160) Pause Young (Mixed) (G1 Evacuation Pause) 1822M->598M(2048M) 17.511ms
[10352.881s][info][gc] GC(161) Pause Young (Mixed) (G1 Evacuation Pause) 1878M->623M(2048M) 27.530ms
[10354.729s][info][gc] GC(162) Pause Young (Concurrent Start) (G1 Humongous Allocation) 842M->618M(2048M) 19.312ms
[10354.729s][info][gc] GC(163) Concurrent Mark Cycle
[10354.876s][info][gc] GC(163) Pause Remark 639M->615M(2048M) 31.878ms
[10354.934s][info][gc] GC(163) Pause Cleanup 619M->619M(2048M) 0.769ms
[10354.941s][info][gc] GC(163) Concurrent Mark Cycle 211.959ms
[0.472s][info][gc] GC(0) Pause Young (Concurrent Start) (Metadata GC Threshold) 304M->72M(2048M) 15.610ms
[0.472s][info][gc] GC(1) Concurrent Mark Cycle
[0.477s][info][gc] GC(1) Pause Remark 92M->92M(2048M) 0.885ms
[0.477s][info][gc] GC(1) Pause Cleanup 92M->92M(2048M) 0.004ms
[0.481s][info][gc] GC(1) Concurrent Mark Cycle 9.274ms
[0.576s][info][gc] GC(0) Pause Young (Concurrent Start) (Metadata GC Threshold) 308M->74M(2048M) 17.537ms
[0.576s][info][gc] GC(1) Concurrent Mark Cycle
[0.582s][info][gc] GC(1) Pause Remark 90M->90M(2048M) 1.001ms
[0.582s][info][gc] GC(1) Pause Cleanup 90M->90M(2048M) 0.012ms
[0.588s][info][gc] GC(1) Concurrent Mark Cycle 12.153ms
[10385.388s][info][gc] GC(164) Pause Young (Prepare Mixed) (G1 Evacuation Pause) 1858M->608M(2048M) 18.944ms
[10446.964s][info][gc] GC(165) Pause Young (Mixed) (G1 Evacuation Pause) 1872M->599M(2048M) 21.624ms
[10901.625s][info][gc] GC(166) Pause Young (Mixed) (GCLocker Initiated GC) 1927M->636M(2048M) 36.278ms
[10962.246s][info][gc] GC(167) Pause Young (Concurrent Start) (G1 Evacuation Pause) 1844M->664M(2048M) 25.948ms
[10962.246s][info][gc] GC(168) Concurrent Mark Cycle
[10962.408s][info][gc] GC(168) Pause Remark 676M->644M(2048M) 55.887ms
[10962.456s][info][gc] GC(168) Pause Cleanup 650M->650M(2048M) 0.134ms
[10962.461s][info][gc] GC(168) Concurrent Mark Cycle 214.441ms
[11013.335s][info][gc] GC(169) Pause Young (Prepare Mixed) (G1 Evacuation Pause) 1800M->593M(2048M) 17.550ms
[11048.068s][info][gc] GC(170) Pause Young (Mixed) (G1 Evacuation Pause) 1881M->602M(2048M) 19.704ms
[11125.748s][info][gc] GC(171) Pause Young (Mixed) (G1 Evacuation Pause) 1866M->631M(2048M) 23.797ms
[11135.195s][info][gc] GC(172) Pause Young (Concurrent Start) (G1 Humongous Allocation) 1442M->632M(2048M) 20.978ms
[11135.195s][info][gc] GC(173) Concurrent Mark Cycle
[11135.330s][info][gc] GC(173) Pause Remark 656M->632M(2048M) 30.567ms
[11135.378s][info][gc] GC(173) Pause Cleanup 633M->633M(2048M) 0.113ms
[11135.381s][info][gc] GC(173) Concurrent Mark Cycle 185.887ms
[12660.676s][info][gc] GC(174) Pause Young (Prepare Mixed) (G1 Evacuation Pause) 1880M->586M(2048M) 21.454ms
[13610.888s][info][gc] GC(175) Pause Young (Mixed) (G1 Evacuation Pause) 1874M->585M(2048M) 25.382ms
[13773.562s][info][gc] GC(176) Pause Young (Mixed) (G1 Evacuation Pause) 1897M->612M(2048M) 29.621ms
[14708.801s][info][gc] GC(177) Pause Young (Concurrent Start) (CodeCache GC Threshold) 1239M->619M(2048M) 19.119ms
[14708.801s][info][gc] GC(178) Concurrent Mark Cycle
[14709.225s][info][gc] GC(178) Pause Remark 641M->625M(2048M) 157.706ms
[14709.301s][info][gc] GC(178) Pause Cleanup 639M->639M(2048M) 0.523ms
[14709.312s][info][gc] GC(178) Concurrent Mark Cycle 510.353ms
[14713.763s][info][gc] GC(179) Pause Young (Prepare Mixed) (G1 Evacuation Pause) 2043M->670M(2200M) 44.022ms
[14715.532s][info][gc] GC(180) Pause Young (Mixed) (G1 Evacuation Pause) 1934M->795M(2232M) 62.193ms
[14721.831s][info][gc] GC(181) Pause Young (Mixed) (G1 Evacuation Pause) 1819M->676M(2232M) 30.392ms
[14731.005s][info][gc] GC(182) Pause Young (Concurrent Start) (G1 Evacuation Pause) 1940M->711M(2232M) 40.787ms
[14731.005s][info][gc] GC(183) Concurrent Mark Cycle
[14731.201s][info][gc] GC(183) Pause Remark 767M->759M(2232M) 53.143ms
[14731.259s][info][gc] GC(183) Pause Cleanup 778M->778M(2232M) 0.133ms
[14731.263s][info][gc] GC(183) Concurrent Mark Cycle 257.529ms
[14755.345s][info][gc] GC(184) Pause Young (Prepare Mixed) (G1 Evacuation Pause) 1903M->706M(2232M) 31.637ms
[14883.871s][info][gc] GC(185) Pause Young (Mixed) (G1 Evacuation Pause) 1914M->710M(2232M) 33.293ms
[14917.515s][info][gc] GC(186) Pause Young (Mixed) (G1 Evacuation Pause) 1950M->703M(2232M) 32.574ms
[14974.735s][info][gc] GC(187) Pause Young (Mixed) (G1 Evacuation Pause) 1911M->701M(2232M) 34.424ms
[15006.709s][info][gc] GC(188) Pause Young (Concurrent Start) (G1 Humongous Allocation) 884M->692M(2232M) 31.018ms
[15006.709s][info][gc] GC(189) Concurrent Mark Cycle
[15006.862s][info][gc] GC(189) Pause Remark 718M->718M(2232M) 40.887ms
[15006.906s][info][gc] GC(189) Pause Cleanup 721M->721M(2232M) 0.328ms
[15006.908s][info][gc] GC(189) Concurrent Mark Cycle 199.552ms
[15050.726s][info][gc] GC(190) Pause Young (Prepare Mixed) (G1 Evacuation Pause) 1996M->686M(2232M) 32.368ms
[15069.197s][info][gc] GC(191) Pause Young (Mixed) (G1 Evacuation Pause) 1934M->688M(2232M) 31.710ms
[15103.259s][info][gc] GC(192) Pause Young (Mixed) (G1 Evacuation Pause) 1928M->681M(2232M) 31.713ms
[15199.192s][info][gc] GC(193) Pause Young (Mixed) (G1 Evacuation Pause) 1969M->682M(2232M) 30.102ms
[15265.669s][info][gc] GC(194) Pause Young (Concurrent Start) (G1 Humongous Allocation) 1567M->704M(2232M) 35.629ms
[15265.669s][info][gc] GC(195) Concurrent Mark Cycle
[15265.894s][info][gc] GC(195) Pause Remark 732M->732M(2232M) 46.599ms
[15265.951s][info][gc] GC(195) Pause Cleanup 736M->736M(2232M) 0.145ms
[15265.955s][info][gc] GC(195) Concurrent Mark Cycle 285.708ms
[15370.910s][info][gc] GC(196) Pause Young (Prepare Mixed) (G1 Evacuation Pause) 1976M->686M(2232M) 31.592ms
[15510.616s][info][gc] GC(197) Pause Young (Mixed) (G1 Evacuation Pause) 1950M->681M(2232M) 27.688ms
[16014.829s][info][gc] GC(198) Pause Young (Mixed) (G1 Evacuation Pause) 1953M->680M(2232M) 32.129ms
[16548.183s][info][gc] GC(199) Pause Young (Mixed) (G1 Evacuation Pause) 2008M->673M(2232M) 26.137ms
[16973.295s][info][gc] GC(200) Pause Young (Concurrent Start) (G1 Evacuation Pause) 1985M->675M(2232M) 27.843ms
[16973.295s][info][gc] GC(201) Concurrent Mark Cycle
[16973.596s][info][gc] GC(201) Pause Remark 687M->687M(2232M) 139.922ms
[16973.658s][info][gc] GC(201) Pause Cleanup 692M->692M(2232M) 0.128ms
[16973.666s][info][gc] GC(201) Concurrent Mark Cycle 370.913ms
[17566.569s][info][gc] GC(202) Pause Young (Prepare Mixed) (GCLocker Initiated GC) 2035M->678M(2232M) 20.284ms
[17731.214s][info][gc] GC(203) Pause Young (Mixed) (G1 Evacuation Pause) 2070M->680M(2232M) 17.374ms
[17793.512s][info][gc] GC(204) Pause Young (Mixed) (G1 Evacuation Pause) 2040M->680M(2232M) 17.230ms
[17824.428s][info][gc] GC(205) Pause Young (Mixed) (G1 Evacuation Pause) 2072M->679M(2232M) 15.827ms
[17888.320s][info][gc] GC(206) Pause Young (Concurrent Start) (G1 Evacuation Pause) 2055M->684M(2232M) 13.812ms
[17888.320s][info][gc] GC(207) Concurrent Mark Cycle
[17888.486s][info][gc] GC(207) Pause Remark 709M->709M(2232M) 36.859ms
[17888.539s][info][gc] GC(207) Pause Cleanup 709M->709M(2232M) 0.091ms
[17888.542s][info][gc] GC(207) Concurrent Mark Cycle 221.326ms
[17939.496s][info][gc] GC(208) Pause Young (Prepare Mixed) (G1 Evacuation Pause) 2036M->699M(2232M) 14.344ms
[17952.461s][info][gc] GC(209) Pause Young (Mixed) (G1 Evacuation Pause) 2035M->692M(2232M) 14.448ms
[17993.068s][info][gc] GC(210) Pause Young (Mixed) (G1 Evacuation Pause) 2028M->691M(2232M) 15.449ms
[18018.519s][info][gc] GC(211) Pause Young (Mixed) (G1 Evacuation Pause) 2043M->708M(2232M) 16.331ms
[18071.473s][info][gc] GC(212) Pause Young (Concurrent Start) (G1 Evacuation Pause) 2028M->684M(2232M) 11.480ms
[18071.473s][info][gc] GC(213) Concurrent Mark Cycle
[18071.642s][info][gc] GC(213) Pause Remark 694M->694M(2232M) 40.428ms
[18071.696s][info][gc] GC(213) Pause Cleanup 700M->700M(2232M) 0.094ms
[18071.699s][info][gc] GC(213) Concurrent Mark Cycle 225.447ms
[18612.315s][info][gc] GC(214) Pause Young (Prepare Mixed) (G1 Evacuation Pause) 2076M->679M(2232M) 10.349ms
[19295.769s][info][gc] GC(215) Pause Young (Mixed) (G1 Evacuation Pause) 2055M->673M(2232M) 11.007ms
[20051.545s][info][gc] GC(216) Pause Young (Mixed) (G1 Evacuation Pause) 2065M->667M(2232M) 11.359ms
[20258.324s][info][gc] GC(217) Pause Young (Mixed) (G1 Evacuation Pause) 2179M->825M(2304M) 48.055ms
[20266.371s][info][gc] GC(218) Pause Young (Concurrent Start) (G1 Humongous Allocation) 1292M->785M(2304M) 29.441ms
[20266.371s][info][gc] GC(219) Concurrent Mark Cycle
[20266.758s][info][gc] GC(219) Pause Remark 934M->910M(2304M) 69.097ms
[20266.835s][info][gc] GC(219) Pause Cleanup 943M->943M(2304M) 0.182ms
[20266.842s][info][gc] GC(219) Concurrent Mark Cycle 470.826ms
[20267.944s][info][gc] GC(220) Pause Young (Prepare Mixed) (G1 Evacuation Pause) 2113M->846M(2304M) 25.132ms
[20276.388s][info][gc] GC(221) Pause Young (Mixed) (G1 Evacuation Pause) 2078M->823M(2304M) 41.836ms
[20281.886s][info][gc] GC(222) Pause Young (Mixed) (G1 Evacuation Pause) 2023M->838M(2304M) 48.030ms
[20295.655s][info][gc] GC(223) Pause Young (Mixed) (G1 Evacuation Pause) 2182M->1025M(2408M) 49.150ms
[20300.728s][info][gc] GC(224) Pause Young (Concurrent Start) (G1 Humongous Allocation) 1186M->875M(2408M) 41.491ms
[20300.729s][info][gc] GC(225) Concurrent Mark Cycle
[20300.915s][info][gc] GC(225) Pause Remark 908M->876M(2408M) 39.902ms
[20300.986s][info][gc] GC(225) Pause Cleanup 892M->892M(2408M) 0.116ms
[20300.989s][info][gc] GC(225) Concurrent Mark Cycle 260.918ms
[20561.951s][info][gc] GC(226) Pause Young (Prepare Mixed) (G1 Evacuation Pause) 2275M->1007M(2472M) 34.522ms
[20762.682s][info][gc] GC(227) Pause Young (Mixed) (G1 Evacuation Pause) 2375M->1053M(2584M) 36.105ms
[20774.265s][info][gc] GC(228) Pause Young (Mixed) (G1 Evacuation Pause) 2269M->825M(2584M) 30.775ms
[20791.910s][info][gc] GC(229) Pause Young (Mixed) (G1 Evacuation Pause) 2361M->863M(2584M) 25.719ms
[20805.107s][info][gc] GC(230) Pause Young (Concurrent Start) (G1 Humongous Allocation) 1457M->784M(2584M) 21.694ms
[20805.107s][info][gc] GC(231) Concurrent Mark Cycle
[20805.276s][info][gc] GC(231) Pause Remark 810M->810M(2584M) 35.599ms
[20805.346s][info][gc] GC(231) Pause Cleanup 811M->811M(2584M) 0.122ms
[20805.349s][info][gc] GC(231) Concurrent Mark Cycle 242.261ms
[20856.024s][info][gc] GC(232) Pause Young (Prepare Mixed) (G1 Evacuation Pause) 2320M->832M(2584M) 27.902ms
[20897.199s][info][gc] GC(233) Pause Young (Mixed) (G1 Evacuation Pause) 2272M->796M(2584M) 24.820ms
[20944.058s][info][gc] GC(234) Pause Young (Mixed) (GCLocker Initiated GC) 2301M->816M(2584M) 30.027ms
[20980.488s][info][gc] GC(235) Pause Young (Mixed) (G1 Evacuation Pause) 2272M->824M(2584M) 30.359ms
[21020.089s][info][gc] GC(236) Pause Young (Concurrent Start) (G1 Evacuation Pause) 2288M->808M(2584M) 24.031ms
[21020.089s][info][gc] GC(237) Concurrent Mark Cycle
[21020.274s][info][gc] GC(237) Pause Remark 841M->841M(2584M) 39.288ms
[21020.332s][info][gc] GC(237) Pause Cleanup 841M->841M(2584M) 0.156ms
[21020.334s][info][gc] GC(237) Concurrent Mark Cycle 245.152ms
[21094.827s][info][gc] GC(238) Pause Young (Prepare Mixed) (G1 Evacuation Pause) 2312M->814M(2584M) 23.900ms
[21164.043s][info][gc] GC(239) Pause Young (Mixed) (G1 Evacuation Pause) 2318M->819M(2584M) 23.247ms
[21189.852s][info][gc] GC(240) Pause Young (Mixed) (G1 Evacuation Pause) 2347M->812M(2584M) 20.732ms
[21223.319s][info][gc] GC(241) Pause Young (Mixed) (G1 Evacuation Pause) 2356M->829M(2584M) 21.175ms
[21291.256s][info][gc] GC(242) Pause Young (Concurrent Start) (G1 Evacuation Pause) 2365M->833M(2584M) 14.829ms
[21291.256s][info][gc] GC(243) Concurrent Mark Cycle
[21291.478s][info][gc] GC(243) Pause Remark 843M->843M(2584M) 35.776ms
[21291.585s][info][gc] GC(243) Pause Cleanup 849M->849M(2584M) 0.159ms
[21291.588s][info][gc] GC(243) Concurrent Mark Cycle 332.507ms
[21310.779s][info][gc] GC(244) Pause Young (Prepare Mixed) (G1 Evacuation Pause) 2369M->846M(2584M) 20.324ms
[21351.602s][info][gc] GC(245) Pause Young (Mixed) (G1 Evacuation Pause) 2366M->859M(2584M) 21.094ms
[21402.843s][info][gc] GC(246) Pause Young (Mixed) (G1 Evacuation Pause) 2379M->832M(2584M) 17.645ms
[21431.479s][info][gc] GC(247) Pause Young (Mixed) (G1 Evacuation Pause) 2368M->832M(2584M) 18.618ms
[21486.723s][info][gc] GC(248) Pause Young (Mixed) (G1 Evacuation Pause) 2368M->827M(2584M) 15.511ms
[21548.728s][info][gc] GC(249) Pause Young (Concurrent Start) (G1 Humongous Allocation) 2040M->845M(2584M) 16.464ms
[21548.728s][info][gc] GC(250) Concurrent Mark Cycle
[21548.938s][info][gc] GC(250) Pause Remark 897M->897M(2584M) 56.423ms
[21549.006s][info][gc] GC(250) Pause Cleanup 901M->901M(2584M) 0.146ms
[21549.008s][info][gc] GC(250) Concurrent Mark Cycle 280.639ms
[21606.488s][info][gc] GC(251) Pause Young (Prepare Mixed) (G1 Evacuation Pause) 2389M->843M(2584M) 14.987ms
[21658.422s][info][gc] GC(252) Pause Young (Mixed) (G1 Evacuation Pause) 2354M->846M(2584M) 15.174ms
[21712.268s][info][gc] GC(253) Pause Young (Mixed) (G1 Evacuation Pause) 2350M->834M(2584M) 16.144ms
[22007.629s][info][gc] GC(254) Pause Young (Mixed) (G1 Evacuation Pause) 2386M->819M(2584M) 14.202ms
[22560.806s][info][gc] GC(255) Pause Young (Mixed) (G1 Evacuation Pause) 2371M->816M(2584M) 12.498ms
[22747.928s][info][gc] GC(256) Pause Young (Concurrent Start) (G1 Humongous Allocation) 1309M->818M(2584M) 11.743ms
[22747.928s][info][gc] GC(257) Concurrent Mark Cycle
[22748.141s][info][gc] GC(257) Pause Remark 870M->870M(2584M) 33.802ms
[22748.223s][info][gc] GC(257) Pause Cleanup 901M->901M(2584M) 0.138ms
[22748.226s][info][gc] GC(257) Concurrent Mark Cycle 298.038ms
[22760.709s][info][gc] GC(258) Pause Young (Prepare Mixed) (G1 Evacuation Pause) 2578M->1148M(2776M) 50.910ms
[22767.901s][info][gc] GC(259) Pause Young (Mixed) (G1 Evacuation Pause) 2460M->963M(2776M) 41.975ms
[22776.371s][info][gc] GC(260) Pause Young (Mixed) (G1 Evacuation Pause) 2467M->999M(2776M) 46.927ms
[22931.108s][info][gc] GC(261) Pause Young (Mixed) (G1 Evacuation Pause) 2575M->1058M(2824M) 51.741ms
[23045.881s][info][gc] GC(262) Pause Young (Concurrent Start) (CodeCache GC Threshold) 2171M->1056M(2824M) 50.367ms
[23045.881s][info][gc] GC(263) Concurrent Mark Cycle
[23046.095s][info][gc] GC(263) Pause Remark 1070M->1014M(2824M) 46.879ms
[23046.174s][info][gc] GC(263) Pause Cleanup 1017M->1017M(2824M) 0.106ms
[23046.179s][info][gc] GC(263) Concurrent Mark Cycle 297.484ms
[23111.460s][info][gc] GC(264) Pause Young (Prepare Mixed) (G1 Evacuation Pause) 2368M->964M(2824M) 35.084ms
[23171.428s][info][gc] GC(265) Pause Young (Concurrent Start) (CodeCache GC Threshold) 1997M->963M(2824M) 35.837ms
[23171.428s][info][gc] GC(266) Concurrent Mark Cycle
[23171.656s][info][gc] GC(266) Pause Remark 980M->980M(2824M) 50.108ms
[23171.732s][info][gc] GC(266) Pause Cleanup 982M->982M(2824M) 0.130ms
[23171.735s][info][gc] GC(266) Concurrent Mark Cycle 307.007ms
[23319.631s][info][gc] GC(267) Pause Young (Prepare Mixed) (G1 Evacuation Pause) 2459M->975M(2824M) 37.037ms
[23512.534s][info][gc] GC(268) Pause Young (Mixed) (G1 Evacuation Pause) 2503M->960M(2824M) 34.749ms
[23976.235s][info][gc] GC(269) Pause Young (Mixed) (G1 Evacuation Pause) 2576M->961M(2824M) 38.804ms
[24164.362s][info][gc] GC(270) Pause Young (Mixed) (G1 Evacuation Pause) 2529M->955M(2824M) 36.139ms
[24218.854s][info][gc] GC(271) Pause Young (Mixed) (G1 Evacuation Pause) 2491M->958M(2824M) 34.781ms
[24253.980s][info][gc] GC(272) Pause Young (Concurrent Start) (G1 Evacuation Pause) 2478M->990M(2824M) 37.862ms
[24253.980s][info][gc] GC(273) Concurrent Mark Cycle
[24254.199s][info][gc] GC(273) Pause Remark 1029M->1029M(2824M) 41.606ms
[24254.275s][info][gc] GC(273) Pause Cleanup 1034M->1034M(2824M) 0.112ms
[24254.279s][info][gc] GC(273) Concurrent Mark Cycle 299.044ms
[24316.576s][info][gc] GC(274) Pause Young (Prepare Mixed) (G1 Evacuation Pause) 2462M->965M(2824M) 34.119ms
[24389.239s][info][gc] GC(275) Pause Young (Mixed) (G1 Evacuation Pause) 2477M->968M(2824M) 32.619ms
[24399.356s][info][gc] GC(276) Pause Young (Mixed) (G1 Evacuation Pause) 2480M->957M(2824M) 37.278ms
[24400.720s][info][gc] GC(277) Pause Young (Mixed) (G1 Evacuation Pause) 2517M->944M(2824M) 32.027ms
[24404.742s][info][gc] GC(278) Pause Young (Mixed) (G1 Evacuation Pause) 2576M->934M(2824M) 23.737ms
